  3 sessions logged in concurrently
soak: textshelf at http://127.0.0.1:8506 for 60s
  baseline: /tmp/soak/textshelf-daphne.json (http://127.0.0.1:8401)
  populations: burst(4) stream(2) bulk(1) abandon(0) ws(1)
  [  5.1s] rss=495904kB fds=103 threads=13 conns=8 verified=1979 failures=0
  [ 10.1s] rss=498224kB fds=101 threads=13 conns=8 verified=3885 failures=0
  [ 15.2s] rss=499680kB fds=99 threads=13 conns=8 verified=5782 failures=0
  [ 20.2s] rss=295760kB fds=99 threads=13 conns=8 verified=7700 failures=0
  [ 25.3s] rss=295760kB fds=100 threads=13 conns=8 verified=9622 failures=0
  [ 30.4s] rss=193408kB fds=100 threads=13 conns=8 verified=11540 failures=0
  [ 35.4s] rss=194208kB fds=101 threads=13 conns=8 verified=13426 failures=0
  [ 40.5s] rss=194448kB fds=100 threads=13 conns=8 verified=15360 failures=0
  [ 45.5s] rss=193712kB fds=101 threads=13 conns=8 verified=17258 failures=0
  [ 50.6s] rss=195776kB fds=101 threads=13 conns=8 verified=19164 failures=0
  [ 55.7s] rss=196016kB fds=100 threads=13 conns=8 verified=21096 failures=0
  [ 60.1s] rss=196256kB fds=101 threads=13 conns=8 verified=22746 failures=0

--- textshelf ---
  burst_reconnects       0
  burst_requests         12023
  logins                 1
  slow_requests          1554
  stream_reads           9175
  verified               22753
  rss 495904kB -> 196256kB (grew -299648kB)
  fds 103 -> 101 (max 103)
  threads 13 -> 13 (max 13)
  active connections 8 -> 8 (max 8)
  free slots 1016 -> 1016 (min 1016)
soak ok: textshelf
