  3 sessions logged in concurrently
soak: textshelf at http://127.0.0.1:8506 for 60s
  baseline: /tmp/soak/textshelf-gunicorn.json (http://127.0.0.1:8403)
  populations: burst(4) stream(2) bulk(1) abandon(0) ws(1)
  [  5.1s] rss=497264kB fds=83 threads=13 conns=8 verified=2154 failures=0
  [ 10.1s] rss=500128kB fds=84 threads=13 conns=8 verified=4192 failures=0
  [ 15.2s] rss=500976kB fds=84 threads=13 conns=8 verified=6260 failures=0
  [ 20.3s] rss=500992kB fds=85 threads=13 conns=8 verified=8338 failures=0
  [ 25.3s] rss=501712kB fds=84 threads=13 conns=8 verified=10372 failures=0
  [ 30.4s] rss=501744kB fds=85 threads=13 conns=8 verified=12450 failures=0
  [ 35.4s] rss=399344kB fds=84 threads=13 conns=8 verified=14505 failures=0
  [ 40.5s] rss=399344kB fds=83 threads=13 conns=8 verified=16598 failures=0
  [ 45.6s] rss=194544kB fds=83 threads=13 conns=8 verified=18659 failures=0
  [ 50.6s] rss=194784kB fds=82 threads=13 conns=8 verified=20722 failures=0
  [ 55.7s] rss=195232kB fds=83 threads=13 conns=8 verified=22806 failures=0
  [ 60.1s] rss=195232kB fds=83 threads=13 conns=8 verified=24581 failures=0

--- textshelf ---
  burst_reconnects       112
  burst_requests         13395
  logins                 1
  slow_requests          1657
  stream_reads           9535
  verified               24588
  rss 497264kB -> 195232kB (grew -302032kB)
  fds 83 -> 83 (max 85)
  threads 13 -> 13 (max 13)
  active connections 8 -> 8 (max 8)
  free slots 1016 -> 1016 (min 1016)
soak ok: textshelf
