  3 sessions logged in concurrently
soak: textshelf at http://127.0.0.1:8506 for 60s
  baseline: /tmp/soak/textshelf-daphne.json (http://127.0.0.1:8401)
  populations: burst(4) stream(2) bulk(1) abandon(0) ws(1)
  [  5.1s] rss=491856kB fds=99 threads=13 conns=7 verified=2117 failures=0
  [ 10.1s] rss=494320kB fds=96 threads=13 conns=8 verified=4121 failures=0
  [ 15.2s] rss=495072kB fds=97 threads=13 conns=8 verified=6167 failures=0
  [ 20.2s] rss=291584kB fds=99 threads=13 conns=8 verified=8218 failures=0
  [ 25.3s] rss=291904kB fds=96 threads=13 conns=8 verified=10277 failures=0
  [ 30.4s] rss=190064kB fds=98 threads=13 conns=8 verified=12359 failures=0
  [ 35.4s] rss=190160kB fds=99 threads=13 conns=7 verified=14412 failures=0
  [ 40.5s] rss=190656kB fds=97 threads=13 conns=7 verified=16465 failures=0
  [ 45.5s] rss=190912kB fds=98 threads=13 conns=8 verified=18533 failures=0
  [ 50.6s] rss=191312kB fds=99 threads=13 conns=8 verified=20581 failures=0
  [ 55.7s] rss=191552kB fds=100 threads=13 conns=8 verified=22635 failures=0
  [ 60.1s] rss=191840kB fds=98 threads=13 conns=8 verified=24477 failures=0

--- textshelf ---
  burst_reconnects       0
  burst_requests         13137
  logins                 1
  slow_requests          1663
  stream_reads           9683
  verified               24484
  rss 491856kB -> 191840kB (grew -300016kB)
  fds 99 -> 98 (max 100)
  threads 13 -> 13 (max 13)
  active connections 7 -> 8 (max 8)
  free slots 1017 -> 1016 (min 1016)
soak ok: textshelf
